../Core/Src/cJSON.c:94:28:cJSON_GetErrorPtr	4	static
../Core/Src/cJSON.c:99:22:cJSON_GetStringValue	16	static
../Core/Src/cJSON.c:109:22:cJSON_GetNumberValue	16	static
../Core/Src/cJSON.c:124:27:cJSON_Version	16	static
../Core/Src/cJSON.c:133:12:case_insensitive_strcmp	24	static
../Core/Src/cJSON.c:188:23:cJSON_strdup	24	static
../Core/Src/cJSON.c:209:20:cJSON_InitHooks	16	static
../Core/Src/cJSON.c:241:15:cJSON_New_Item	24	static
../Core/Src/cJSON.c:253:20:cJSON_Delete	24	static
../Core/Src/cJSON.c:279:22:get_decimal_point	4	static
../Core/Src/cJSON.c:307:19:parse_number	56	static
../Core/Src/cJSON.c:411:22:cJSON_SetNumberHelper	24	static
../Core/Src/cJSON.c:430:21:cJSON_SetValuestring	32	static
../Core/Src/cJSON.c:485:23:ensure	24	static
../Core/Src/cJSON.c:571:13:update_offset	32	static
../Core/Src/cJSON.c:584:19:compare_double	64	static
../Core/Src/cJSON.c:591:19:print_number	96	static
../Core/Src/cJSON.c:661:17:parse_hex4	24	static
../Core/Src/cJSON.c:698:22:utf16_literal_to_utf8	48	static
../Core/Src/cJSON.c:819:19:parse_string	48	static
../Core/Src/cJSON.c:949:19:print_string_ptr	40	static
../Core/Src/cJSON.c:1071:19:print_string	16	static
../Core/Src/cJSON.c:1085:22:buffer_skip_whitespace	16	static
../Core/Src/cJSON.c:1111:22:skip_utf8_bom	16	static
../Core/Src/cJSON.c:1126:23:cJSON_ParseWithOpts	32	static
../Core/Src/cJSON.c:1142:23:cJSON_ParseWithLengthOpts	64	static
../Core/Src/cJSON.c:1222:23:cJSON_Parse	16	static
../Core/Src/cJSON.c:1227:23:cJSON_ParseWithLength	16	static
../Core/Src/cJSON.c:1234:23:print	64	static
../Core/Src/cJSON.c:1302:22:cJSON_Print	16	static
../Core/Src/cJSON.c:1307:22:cJSON_PrintUnformatted	16	static
../Core/Src/cJSON.c:1312:22:cJSON_PrintBuffered	64	static
../Core/Src/cJSON.c:1343:26:cJSON_PrintPreallocated	64	static
../Core/Src/cJSON.c:1363:19:parse_value	16	static
../Core/Src/cJSON.c:1418:19:print_value	24	static
../Core/Src/cJSON.c:1492:19:parse_array	32	static
../Core/Src/cJSON.c:1590:19:print_array	32	static
../Core/Src/cJSON.c:1652:19:parse_object	32	static
../Core/Src/cJSON.c:1770:19:print_object	40	static
../Core/Src/cJSON.c:1884:19:cJSON_GetArraySize	24	static
../Core/Src/cJSON.c:1907:15:get_array_item	24	static
../Core/Src/cJSON.c:1926:23:cJSON_GetArrayItem	16	static
../Core/Src/cJSON.c:1936:15:get_object_item	32	static
../Core/Src/cJSON.c:1968:23:cJSON_GetObjectItem	16	static
../Core/Src/cJSON.c:1973:23:cJSON_GetObjectItemCaseSensitive	16	static
../Core/Src/cJSON.c:1978:26:cJSON_HasObjectItem	16	static
../Core/Src/cJSON.c:1984:13:suffix_object	16	static
../Core/Src/cJSON.c:1991:15:create_reference	24	static
../Core/Src/cJSON.c:2012:19:add_item_to_array	24	static
../Core/Src/cJSON.c:2046:26:cJSON_AddItemToArray	16	static
../Core/Src/cJSON.c:2058:14:cast_away_const	16	static
../Core/Src/cJSON.c:2067:19:add_item_to_object	32	static
../Core/Src/cJSON.c:2104:26:cJSON_AddItemToObject	32	static
../Core/Src/cJSON.c:2110:26:cJSON_AddItemToObjectCS	32	static
../Core/Src/cJSON.c:2115:26:cJSON_AddItemReferenceToArray	16	static
../Core/Src/cJSON.c:2125:26:cJSON_AddItemReferenceToObject	32	static
../Core/Src/cJSON.c:2135:22:cJSON_AddNullToObject	32	static
../Core/Src/cJSON.c:2147:22:cJSON_AddTrueToObject	32	static
../Core/Src/cJSON.c:2159:22:cJSON_AddFalseToObject	32	static
../Core/Src/cJSON.c:2171:22:cJSON_AddBoolToObject	40	static
../Core/Src/cJSON.c:2183:22:cJSON_AddNumberToObject	40	static
../Core/Src/cJSON.c:2195:22:cJSON_AddStringToObject	40	static
../Core/Src/cJSON.c:2207:22:cJSON_AddRawToObject	40	static
../Core/Src/cJSON.c:2219:22:cJSON_AddObjectToObject	32	static
../Core/Src/cJSON.c:2231:22:cJSON_AddArrayToObject	32	static
../Core/Src/cJSON.c:2243:23:cJSON_DetachItemViaPointer	16	static
../Core/Src/cJSON.c:2279:23:cJSON_DetachItemFromArray	16	static
../Core/Src/cJSON.c:2289:20:cJSON_DeleteItemFromArray	16	static
../Core/Src/cJSON.c:2294:23:cJSON_DetachItemFromObject	24	static
../Core/Src/cJSON.c:2301:23:cJSON_DetachItemFromObjectCaseSensitive	24	static
../Core/Src/cJSON.c:2308:20:cJSON_DeleteItemFromObject	16	static
../Core/Src/cJSON.c:2313:20:cJSON_DeleteItemFromObjectCaseSensitive	16	static
../Core/Src/cJSON.c:2319:26:cJSON_InsertItemInArray	32	static
../Core/Src/cJSON.c:2353:26:cJSON_ReplaceItemViaPointer	24	static
../Core/Src/cJSON.c:2402:26:cJSON_ReplaceItemInArray	24	static
../Core/Src/cJSON.c:2412:19:replace_item_in_object	24	static
../Core/Src/cJSON.c:2435:26:cJSON_ReplaceItemInObject	24	static
../Core/Src/cJSON.c:2440:26:cJSON_ReplaceItemInObjectCaseSensitive	24	static
../Core/Src/cJSON.c:2446:23:cJSON_CreateNull	16	static
../Core/Src/cJSON.c:2457:23:cJSON_CreateTrue	16	static
../Core/Src/cJSON.c:2468:23:cJSON_CreateFalse	16	static
../Core/Src/cJSON.c:2479:23:cJSON_CreateBool	24	static
../Core/Src/cJSON.c:2490:23:cJSON_CreateNumber	24	static
../Core/Src/cJSON.c:2516:23:cJSON_CreateString	24	static
../Core/Src/cJSON.c:2533:23:cJSON_CreateStringReference	24	static
../Core/Src/cJSON.c:2545:23:cJSON_CreateObjectReference	24	static
../Core/Src/cJSON.c:2556:23:cJSON_CreateArrayReference	24	static
../Core/Src/cJSON.c:2566:23:cJSON_CreateRaw	24	static
../Core/Src/cJSON.c:2583:23:cJSON_CreateArray	16	static
../Core/Src/cJSON.c:2594:23:cJSON_CreateObject	16	static
../Core/Src/cJSON.c:2606:23:cJSON_CreateIntArray	32	static
../Core/Src/cJSON.c:2646:23:cJSON_CreateFloatArray	32	static
../Core/Src/cJSON.c:2686:23:cJSON_CreateDoubleArray	32	static
../Core/Src/cJSON.c:2726:23:cJSON_CreateStringArray	32	static
../Core/Src/cJSON.c:2769:23:cJSON_Duplicate	16	static
../Core/Src/cJSON.c:2774:9:cJSON_Duplicate_rec	40	static
../Core/Src/cJSON.c:2860:13:skip_oneline_comment	16	static
../Core/Src/cJSON.c:2873:13:skip_multiline_comment	16	static
../Core/Src/cJSON.c:2887:13:minify_string	16	static
../Core/Src/cJSON.c:2909:20:cJSON_Minify	24	static
../Core/Src/cJSON.c:2957:26:cJSON_IsInvalid	16	static
../Core/Src/cJSON.c:2967:26:cJSON_IsFalse	16	static
../Core/Src/cJSON.c:2977:26:cJSON_IsTrue	16	static
../Core/Src/cJSON.c:2988:26:cJSON_IsBool	16	static
../Core/Src/cJSON.c:2997:26:cJSON_IsNull	16	static
../Core/Src/cJSON.c:3007:26:cJSON_IsNumber	16	static
../Core/Src/cJSON.c:3017:26:cJSON_IsString	16	static
../Core/Src/cJSON.c:3027:26:cJSON_IsArray	16	static
../Core/Src/cJSON.c:3037:26:cJSON_IsObject	16	static
../Core/Src/cJSON.c:3047:26:cJSON_IsRaw	16	static
../Core/Src/cJSON.c:3057:26:cJSON_Compare	40	static
../Core/Src/cJSON.c:3182:22:cJSON_malloc	16	static
../Core/Src/cJSON.c:3187:20:cJSON_free	16	static
